src/components/ui/sign-in-flo.tsx(226,45): error TS1005: ',' expected.
src/components/ui/sign-in-flo.tsx(226,52): error TS1136: Property assignment expected.
src/components/ui/sign-in-flo.tsx(236,46): error TS1005: ',' expected.
src/components/ui/sign-in-flo.tsx(473,34): error TS1381: Unexpected token. Did you mean `{'}'}` or `&rbrace;`?
